----------------------------------------------------------------------------------------------------------------------------------
      name:  log_6_merge_idhs17
       log:  D:\RESEARCH & WRITING\master thesis_child mortality\stata\log\6_merge_idhs17.log
  log type:  text
 opened on:  15 Dec 2021, 07:08:57

. 
. *set the date
. loc date = c(current_date)

. loc time = c(current_time)

. loc time_date = "`date'" + "_" + "`time'"

. loc tag "`dfn'.do Ari Prasojo `time_date'"

. 
. *\dataset disimpan sebagai (nama)
. loc savenm              "`dtadir'\6-chmort-`idhs'.dta"

. 
. 
. 
. /*
> ================================================================================
> PROSES PENGGABUNGAN
> ================================================================================
> */
. 
. *merge dataset
. use     "`dtadir'\4-vars-birth-`idhs'.dta"
(Variabel anak-kelahiran \ 15 Dec 2021_07:00:27)

. merge m:1 v001 v002 v003 using "`dtadir'\3-vars-women-`idhs'.dta", keep(match) keepus() nogen

    Result                      Number of obs
    -----------------------------------------
    Not matched                             0
    Matched                            86,265  
    -----------------------------------------

. merge m:1 v001 v002 using "`dtadir'\2-vars-household-`idhs'.dta", keep(match) keepus() nogen

    Result                      Number of obs
    -----------------------------------------
    Not matched                             0
    Matched                            86,265  
    -----------------------------------------

. merge m:1 psu using "`dtadir'\5-vars-community-`idhs'.dta", keep(match) keepus() nogen
(label reside already defined)
(label reg7c already defined)
(label prov already defined)

    Result                      Number of obs
    -----------------------------------------
    Not matched                             0
    Matched                            86,265  
    -----------------------------------------

. 
. gen ydhs = `yearsvy'

.         lab var ydhs "Tahun survei"

. 
. quietly compress

. datasignature set, reset
  86265:98(13707):861730030:917878936       (data signature reset)

. lab data "Data merge\ `time_date'"

. note: `idhs'-mortstudy-mergedata.dta \ `tag'

. save "`savenm'", replace
(file dta\6-chmort-idhs17.dta not found)
file dta\6-chmort-idhs17.dta saved

. 
end of do-file

. do "D:\RESEARCH & WRITING\master thesis_child mortality\stata\do\7a-descriptive.do"

. /*
> ================================================================================
> ********************************************************************************
> PROJECT:
> PENELITIAN TESIS
> DEPRIVASI LINGKUNGAN RUMAH TANGGA DAN KEMATIAN BAYI DAN ANAK DI INDONESIA
> 
> SYNTAX:
> 7-ANALISIS DESKRIPTIF
> 
> PENULIS:
> ARI PURWANTO SARWO PRASOJO (2006500321)
> MAGISTER EKONOMI KEPENDUDUKAN DAN KETENAGAKERJAAN
> FEB, UNIVERSITAS INDONESIA
> 2021
> ********************************************************************************
> ================================================================================
> */
. 
. 
. 
. /*
> ================================================================================
> PENYIAPAN
> ================================================================================
> */
. 
. cls

. log close _all
      name:  log_6_merge_idhs17
       log:  D:\RESEARCH & WRITING\master thesis_child mortality\stata\log\6_merge_idhs17.log
  log type:  text
 closed on:  15 Dec 2021, 07:14:44
----------------------------------------------------------------------------------------------------------------------------------
